I'm sorry, but errors were detected in your script. Please correct the
errors listed below, and try again.


File "game/Day 5, Interaction 3.rpy", line 138: is not terminated with a newline. (Check strings and parenthesis.)
(Perhaps you left out a " at the end of the first line.)
        play sound2 "sfx_room_door_main_close.ogg""

Ren'Py Version: Ren'Py 7.2.2.491
Sun Dec 01 16:43:07 2019
